../Core/Src/main.c:437:13:MX_GPIO_Init	48	static
../Core/Src/main.c:467:6:HAL_UART_RxCpltCallback	8	static
../Core/Src/main.c:497:6:Error_Handler	0	static,ignoring_inline_asm
../Core/Src/main.c:371:13:MX_USART1_UART_Init	8	static
../Core/Src/main.c:254:13:MX_I2C1_Init	8	static
../Core/Src/main.c:404:13:MX_USART2_UART_Init	8	static
../Core/Src/main.c:288:13:MX_I2C2_Init	8	static
../Core/Src/main.c:322:13:MX_TIM3_Init	48	static
../Core/Src/main.c:214:6:SystemClock_Config	72	static
../Core/Src/main.c:87:5:main	64	static
