../Core/Src/OneWire.c:41:10:USART_ReceiveData	0	static
../Core/Src/OneWire.c:50:6:USART_SendData	0	static
../Core/Src/OneWire.c:63:6:usart_setup	8	static,ignoring_inline_asm
../Core/Src/OneWire.c:82:6:owInit	0	static
../Core/Src/OneWire.c:128:9:getUsartIndex	0	static
../Core/Src/OneWire.c:97:6:owReadHandler	8	static
../Core/Src/OneWire.c:136:6:owSend	8	static
../Core/Src/OneWire.c:142:9:owReadSlot	0	static
../Core/Src/OneWire.c:146:10:owEchoRead	8	static
../Core/Src/OneWire.c:116:12:owResetCmd	8	static
../Core/Src/OneWire.c:153:10:byteToBits	0	static
../Core/Src/OneWire.c:172:6:owSendByte	16	static
../Core/Src/OneWire.c:182:9:bitsToByte	0	static
../Core/Src/OneWire.c:196:9:owCRC	8	static
../Core/Src/OneWire.c:214:9:owCRC8	8	static
../Core/Src/OneWire.c:225:5:hasNextRom	32	static
../Core/Src/OneWire.c:273:5:owSearchCmd	16	static
../Core/Src/OneWire.c:285:6:owSkipRomCmd	8	static
../Core/Src/OneWire.c:290:6:owMatchRomCmd	16	static
../Core/Src/OneWire.c:298:6:owConvertTemperatureCmd	8	static
../Core/Src/OneWire.c:312:10:owReadScratchpadCmd	16	static
../Core/Src/OneWire.c:339:6:owWriteDS18B20Scratchpad	16	static
../Core/Src/OneWire.c:358:13:readTemperature	40	static
../Core/Src/OneWire.c:387:6:owCopyScratchpadCmd	8	static
../Core/Src/OneWire.c:392:6:owRecallE2Cmd	8	static
../Core/Src/OneWire.c:398:5:get_ROMid	48	static,ignoring_inline_asm
../Core/Src/OneWire.c:434:6:get_Temperature	8	static
